TAP version 13
# Subtest: Every declared requirement has a unique clause and a substantive planned acceptance case
ok 1 - Every declared requirement has a unique clause and a substantive planned acceptance case
  ---
  duration_ms: 3.0588
  type: 'test'
  ...
# Subtest: Analytic geometry expectations and known bad sample qualifications remain explicit
ok 2 - Analytic geometry expectations and known bad sample qualifications remain explicit
  ---
  duration_ms: 5.9042
  type: 'test'
  ...
# Subtest: Every current requirement traces to existing decisions and the same individual acceptance checks
ok 3 - Every current requirement traces to existing decisions and the same individual acceptance checks
  ---
  duration_ms: 0.925
  type: 'test'
  ...
# Subtest: Local links in the official package and fixture guides resolve to permanent repository files
ok 4 - Local links in the official package and fixture guides resolve to permanent repository files
  ---
  duration_ms: 40.2938
  type: 'test'
  ...
# Subtest: Every packaged input is mandatory, durable, and matches its byte manifest
ok 5 - Every packaged input is mandatory, durable, and matches its byte manifest
  ---
  duration_ms: 65.3226
  type: 'test'
  ...
# Subtest: Published specifications and review evidence have no dependency on ephemeral authoring inputs
ok 6 - Published specifications and review evidence have no dependency on ephemeral authoring inputs
  ---
  duration_ms: 26.4392
  type: 'test'
  ...
# Subtest: The complete parameter catalog and its included mode defaults are internally consistent
ok 7 - The complete parameter catalog and its included mode defaults are internally consistent
  ---
  duration_ms: 1.493
  type: 'test'
  ...
# Subtest: Permanent slicer fixtures preserve source bytes and parse as JSON without running code
ok 8 - Permanent slicer fixtures preserve source bytes and parse as JSON without running code
  ---
  duration_ms: 2.8783
  type: 'test'
  ...
1..8
# tests 8
# suites 0
# pass 8
# fail 0
# cancelled 0
# skipped 0
# todo 0
# duration_ms 248.1167
